// Jest Snapshot v1, https://goo.gl/fbAQLP

exports[`<SidebarNav /> should render a SidebarNav 1`] = `
ShallowWrapper {
  Symbol(enzyme.__root__): [Circular],
  Symbol(enzyme.__unrendered__): <SidebarNav
    className=""
    focusQuery=""
    headerNode={null}
    navSectionTitle="Overview"
    title=""
  />,
  Symbol(enzyme.__renderer__): Object {
    "batchedUpdates": [Function],
    "checkPropTypes": [Function],
    "getNode": [Function],
    "render": [Function],
    "simulateError": [Function],
    "simulateEvent": [Function],
    "unmount": [Function],
  },
  Symbol(enzyme.__node__): Object {
    "instance": null,
    "key": undefined,
    "nodeType": "function",
    "props": Object {
      "children": <Context.Provider
        value={
          Object {
            "level": "primary",
          }
        }
      >
        <div
          className="md-sidebar-nav"
        >
          <List
            active={null}
            ariaConfig={null}
            className="md-sidebar-nav__group md-sidebar-nav__group--primary"
            focus={null}
            focusFirst={true}
            focusFirstQuery=""
            focusQuery="
                .md-sidebar-nav__group--primary > .md-list-item:not(.disabled):not(:disabled):not(.md-list-item--read-only),
                .md-sidebar-nav__group--secondary.md-sidebar-nav__group--expanded > .md-list-item:not(.disabled):not(:disabled):not(.md-list-item--read-only),
                .md-sidebar-nav__group--secondary.md-sidebar-nav__group--expanded > .md-sidebar-nav__group--expanded > .md-list-item:not(.disabled):not(:disabled):not(.md-list-item--read-only)
                
              "
            id={null}
            itemRole="listitem"
            navSectionTitle="Overview"
            navigationDirection="both"
            onSelect={null}
            role="list"
            shouldFocusActive={false}
            shouldFocusInitial={true}
            shouldLoop={true}
            shouldPropagateKeyDown={false}
            tabType="vertical"
            trackActive={true}
            type={null}
            wrap={false}
          />
        </div>
      </Context.Provider>,
    },
    "ref": null,
    "rendered": Object {
      "instance": null,
      "key": undefined,
      "nodeType": "function",
      "props": Object {
        "children": <div
          className="md-sidebar-nav"
        >
          <List
            active={null}
            ariaConfig={null}
            className="md-sidebar-nav__group md-sidebar-nav__group--primary"
            focus={null}
            focusFirst={true}
            focusFirstQuery=""
            focusQuery="
                .md-sidebar-nav__group--primary > .md-list-item:not(.disabled):not(:disabled):not(.md-list-item--read-only),
                .md-sidebar-nav__group--secondary.md-sidebar-nav__group--expanded > .md-list-item:not(.disabled):not(:disabled):not(.md-list-item--read-only),
                .md-sidebar-nav__group--secondary.md-sidebar-nav__group--expanded > .md-sidebar-nav__group--expanded > .md-list-item:not(.disabled):not(:disabled):not(.md-list-item--read-only)
                
              "
            id={null}
            itemRole="listitem"
            navSectionTitle="Overview"
            navigationDirection="both"
            onSelect={null}
            role="list"
            shouldFocusActive={false}
            shouldFocusInitial={true}
            shouldLoop={true}
            shouldPropagateKeyDown={false}
            tabType="vertical"
            trackActive={true}
            type={null}
            wrap={false}
          />
        </div>,
        "value": Object {
          "level": "primary",
        },
      },
      "ref": null,
      "rendered": Object {
        "instance": null,
        "key": undefined,
        "nodeType": "host",
        "props": Object {
          "children": Array [
            null,
            <List
              active={null}
              ariaConfig={null}
              className="md-sidebar-nav__group md-sidebar-nav__group--primary"
              focus={null}
              focusFirst={true}
              focusFirstQuery=""
              focusQuery="
                .md-sidebar-nav__group--primary > .md-list-item:not(.disabled):not(:disabled):not(.md-list-item--read-only),
                .md-sidebar-nav__group--secondary.md-sidebar-nav__group--expanded > .md-list-item:not(.disabled):not(:disabled):not(.md-list-item--read-only),
                .md-sidebar-nav__group--secondary.md-sidebar-nav__group--expanded > .md-sidebar-nav__group--expanded > .md-list-item:not(.disabled):not(:disabled):not(.md-list-item--read-only)
                
              "
              id={null}
              itemRole="listitem"
              navSectionTitle="Overview"
              navigationDirection="both"
              onSelect={null}
              role="list"
              shouldFocusActive={false}
              shouldFocusInitial={true}
              shouldLoop={true}
              shouldPropagateKeyDown={false}
              tabType="vertical"
              trackActive={true}
              type={null}
              wrap={false}
            />,
          ],
          "className": "md-sidebar-nav",
        },
        "ref": null,
        "rendered": Array [
          null,
          Object {
            "instance": null,
            "key": undefined,
            "nodeType": "class",
            "props": Object {
              "active": null,
              "ariaConfig": null,
              "children": null,
              "className": "md-sidebar-nav__group md-sidebar-nav__group--primary",
              "focus": null,
              "focusFirst": true,
              "focusFirstQuery": "",
              "focusQuery": "
                .md-sidebar-nav__group--primary > .md-list-item:not(.disabled):not(:disabled):not(.md-list-item--read-only),
                .md-sidebar-nav__group--secondary.md-sidebar-nav__group--expanded > .md-list-item:not(.disabled):not(:disabled):not(.md-list-item--read-only),
                .md-sidebar-nav__group--secondary.md-sidebar-nav__group--expanded > .md-sidebar-nav__group--expanded > .md-list-item:not(.disabled):not(:disabled):not(.md-list-item--read-only)
                
              ",
              "id": null,
              "itemRole": "listitem",
              "navSectionTitle": "Overview",
              "navigationDirection": "both",
              "onSelect": null,
              "role": "list",
              "shouldFocusActive": false,
              "shouldFocusInitial": true,
              "shouldLoop": true,
              "shouldPropagateKeyDown": false,
              "tabType": "vertical",
              "trackActive": true,
              "type": null,
              "wrap": false,
            },
            "ref": null,
            "rendered": null,
            "type": [Function],
          },
        ],
        "type": "div",
      },
      "type": Object {
        "$$typeof": Symbol(react.provider),
        "_context": Object {
          "$$typeof": Symbol(react.context),
          "Consumer": Object {
            "$$typeof": Symbol(react.context),
            "_calculateChangedBits": null,
            "_context": [Circular],
          },
          "Provider": [Circular],
          "_calculateChangedBits": null,
          "_currentRenderer": null,
          "_currentRenderer2": null,
          "_currentValue": null,
          "_currentValue2": null,
          "_threadCount": 0,
        },
      },
    },
    "type": [Function],
  },
  Symbol(enzyme.__nodes__): Array [
    Object {
      "instance": null,
      "key": undefined,
      "nodeType": "function",
      "props": Object {
        "children": <Context.Provider
          value={
            Object {
              "level": "primary",
            }
          }
        >
          <div
            className="md-sidebar-nav"
          >
            <List
              active={null}
              ariaConfig={null}
              className="md-sidebar-nav__group md-sidebar-nav__group--primary"
              focus={null}
              focusFirst={true}
              focusFirstQuery=""
              focusQuery="
                .md-sidebar-nav__group--primary > .md-list-item:not(.disabled):not(:disabled):not(.md-list-item--read-only),
                .md-sidebar-nav__group--secondary.md-sidebar-nav__group--expanded > .md-list-item:not(.disabled):not(:disabled):not(.md-list-item--read-only),
                .md-sidebar-nav__group--secondary.md-sidebar-nav__group--expanded > .md-sidebar-nav__group--expanded > .md-list-item:not(.disabled):not(:disabled):not(.md-list-item--read-only)
                
              "
              id={null}
              itemRole="listitem"
              navSectionTitle="Overview"
              navigationDirection="both"
              onSelect={null}
              role="list"
              shouldFocusActive={false}
              shouldFocusInitial={true}
              shouldLoop={true}
              shouldPropagateKeyDown={false}
              tabType="vertical"
              trackActive={true}
              type={null}
              wrap={false}
            />
          </div>
        </Context.Provider>,
      },
      "ref": null,
      "rendered": Object {
        "instance": null,
        "key": undefined,
        "nodeType": "function",
        "props": Object {
          "children": <div
            className="md-sidebar-nav"
          >
            <List
              active={null}
              ariaConfig={null}
              className="md-sidebar-nav__group md-sidebar-nav__group--primary"
              focus={null}
              focusFirst={true}
              focusFirstQuery=""
              focusQuery="
                .md-sidebar-nav__group--primary > .md-list-item:not(.disabled):not(:disabled):not(.md-list-item--read-only),
                .md-sidebar-nav__group--secondary.md-sidebar-nav__group--expanded > .md-list-item:not(.disabled):not(:disabled):not(.md-list-item--read-only),
                .md-sidebar-nav__group--secondary.md-sidebar-nav__group--expanded > .md-sidebar-nav__group--expanded > .md-list-item:not(.disabled):not(:disabled):not(.md-list-item--read-only)
                
              "
              id={null}
              itemRole="listitem"
              navSectionTitle="Overview"
              navigationDirection="both"
              onSelect={null}
              role="list"
              shouldFocusActive={false}
              shouldFocusInitial={true}
              shouldLoop={true}
              shouldPropagateKeyDown={false}
              tabType="vertical"
              trackActive={true}
              type={null}
              wrap={false}
            />
          </div>,
          "value": Object {
            "level": "primary",
          },
        },
        "ref": null,
        "rendered": Object {
          "instance": null,
          "key": undefined,
          "nodeType": "host",
          "props": Object {
            "children": Array [
              null,
              <List
                active={null}
                ariaConfig={null}
                className="md-sidebar-nav__group md-sidebar-nav__group--primary"
                focus={null}
                focusFirst={true}
                focusFirstQuery=""
                focusQuery="
                .md-sidebar-nav__group--primary > .md-list-item:not(.disabled):not(:disabled):not(.md-list-item--read-only),
                .md-sidebar-nav__group--secondary.md-sidebar-nav__group--expanded > .md-list-item:not(.disabled):not(:disabled):not(.md-list-item--read-only),
                .md-sidebar-nav__group--secondary.md-sidebar-nav__group--expanded > .md-sidebar-nav__group--expanded > .md-list-item:not(.disabled):not(:disabled):not(.md-list-item--read-only)
                
              "
                id={null}
                itemRole="listitem"
                navSectionTitle="Overview"
                navigationDirection="both"
                onSelect={null}
                role="list"
                shouldFocusActive={false}
                shouldFocusInitial={true}
                shouldLoop={true}
                shouldPropagateKeyDown={false}
                tabType="vertical"
                trackActive={true}
                type={null}
                wrap={false}
              />,
            ],
            "className": "md-sidebar-nav",
          },
          "ref": null,
          "rendered": Array [
            null,
            Object {
              "instance": null,
              "key": undefined,
              "nodeType": "class",
              "props": Object {
                "active": null,
                "ariaConfig": null,
                "children": null,
                "className": "md-sidebar-nav__group md-sidebar-nav__group--primary",
                "focus": null,
                "focusFirst": true,
                "focusFirstQuery": "",
                "focusQuery": "
                .md-sidebar-nav__group--primary > .md-list-item:not(.disabled):not(:disabled):not(.md-list-item--read-only),
                .md-sidebar-nav__group--secondary.md-sidebar-nav__group--expanded > .md-list-item:not(.disabled):not(:disabled):not(.md-list-item--read-only),
                .md-sidebar-nav__group--secondary.md-sidebar-nav__group--expanded > .md-sidebar-nav__group--expanded > .md-list-item:not(.disabled):not(:disabled):not(.md-list-item--read-only)
                
              ",
                "id": null,
                "itemRole": "listitem",
                "navSectionTitle": "Overview",
                "navigationDirection": "both",
                "onSelect": null,
                "role": "list",
                "shouldFocusActive": false,
                "shouldFocusInitial": true,
                "shouldLoop": true,
                "shouldPropagateKeyDown": false,
                "tabType": "vertical",
                "trackActive": true,
                "type": null,
                "wrap": false,
              },
              "ref": null,
              "rendered": null,
              "type": [Function],
            },
          ],
          "type": "div",
        },
        "type": Object {
          "$$typeof": Symbol(react.provider),
          "_context": Object {
            "$$typeof": Symbol(react.context),
            "Consumer": Object {
              "$$typeof": Symbol(react.context),
              "_calculateChangedBits": null,
              "_context": [Circular],
            },
            "Provider": [Circular],
            "_calculateChangedBits": null,
            "_currentRenderer": null,
            "_currentRenderer2": null,
            "_currentValue": null,
            "_currentValue2": null,
            "_threadCount": 0,
          },
        },
      },
      "type": [Function],
    },
  ],
  Symbol(enzyme.__options__): Object {
    "adapter": ReactSixteenAdapter {
      "options": Object {
        "enableComponentDidUpdateOnSetState": true,
        "legacyContextMode": "parent",
        "lifecycles": Object {
          "componentDidUpdate": Object {
            "onSetState": true,
          },
          "getChildContext": Object {
            "calledByRenderer": false,
          },
          "getDerivedStateFromError": true,
          "getDerivedStateFromProps": Object {
            "hasShouldComponentUpdateBug": false,
          },
          "getSnapshotBeforeUpdate": true,
          "setState": Object {
            "skipsComponentDidUpdateOnNullish": true,
          },
        },
      },
    },
    Symbol(enzyme.__providerValues__): undefined,
  },
  Symbol(enzyme.__providerValues__): Map {},
  Symbol(enzyme.__childContext__): null,
}
`;
